// Jest Snapshot v1, https://goo.gl/fbAQLP

exports[`App component matches the snapshot 1`] = `
<Styled(styled.div)>
  <Styled(styled.div) />
</Styled(styled.div)>
`;
